
	            G L O B A L   R E F E R E N C E S

	             Name               Value        Type
	==============================|=======|===============
	WRITE                            FFFE         CONSTANT
	INITIAL_SP                       FDFF         CONSTANT
	CURSOR                           FFFC         CONSTANT
	CURSOR_INIT                      FFFF         CONSTANT
	FIM_TEXTO                        0040         CONSTANT
	TIMER_UNIT                       FFF6         CONSTANT
	ACTIVATE_TIME                    FFF7         CONSTANT
	ON                               0001         CONSTANT
	OFF                              0000         CONSTANT
	TAM_LINHA                        0051         CONSTANT
	LINHA_NAVE                       0015         CONSTANT
	BOLA_CHAR                        006F         CONSTANT
	EMPTY                            0020         CONSTANT
	NAVE_CHAR                        002D         CONSTANT
	NAVE_TAM                         0009         CONSTANT
	POS_PAREDEDIR                    004E         CONSTANT
	POS_PAREDEESQ                    0001         CONSTANT
	POS_TETO                         0003         CONSTANT
	POS_CHAO                         0016         CONSTANT
	VIDA_LINHA                       0001         CONSTANT
	VIDA_COLUNA                      004C         CONSTANT
	MEIO_NAVE                        0004         CONSTANT
	GAMEOVER                         0000         CONSTANT
	CONTINUEGAME                     0001         CONSTANT
	NUMERO_DE_VIDAS                  0003         CONSTANT
	BLOCK_LEFT                       005B         CONSTANT
	BLOCK_MIDDLE                     0058         CONSTANT
	BLOCK_RIGHT                      005D         CONSTANT
	BASE_ASCII                       0030         CONSTANT
	CENTENA                          0064         CONSTANT
	DEZENA                           000A         CONSTANT
	SCOREINC                         000A         CONSTANT
	SCORELINHA                       0001         CONSTANT
	SCORECOLUNA                      000D         CONSTANT
	LINHABLOCO1                      0005         CONSTANT
	LINHABLOCO2                      0006         CONSTANT
	LINHABLOCO3                      0009         CONSTANT
	LINHABLOCO4                      000A         CONSTANT
	linha0                           8000           STRING
	linha1                           8051           STRING
	linha2                           80A2           STRING
	linha3                           80F3           STRING
	linha4                           8144           STRING
	linha5                           8195           STRING
	linha6                           81E6           STRING
	linha7                           8237           STRING
	linha8                           8288           STRING
	linha9                           82D9           STRING
	linha10                          832A           STRING
	linha11                          837B           STRING
	linha12                          83CC           STRING
	linha13                          841D           STRING
	linha14                          846E           STRING
	linha15                          84BF           STRING
	linha16                          8510           STRING
	linha17                          8561           STRING
	linha18                          85B2           STRING
	linha19                          8603           STRING
	linha20                          8654           STRING
	linha21                          86A5           STRING
	linha22                          86F6           STRING
	linha23                          8747           STRING
	linhagameover                    8798           STRING
	linhareset                       87E9           STRING
	linhaSaveBloco                   883A           STRING
	linhaWin                         888B           STRING
	linha                            88DC         VARIABLE
	coluna                           88DD         VARIABLE
	nave_pos                         88DE         VARIABLE
	bola_linha                       88DF         VARIABLE
	bola_coluna                      88E0         VARIABLE
	direct_X                         88E1         VARIABLE
	direct_Y                         88E2         VARIABLE
	gamestate                        88E3         VARIABLE
	lifenumber                       88E4         VARIABLE
	ScoreTotal                       88E5         VARIABLE
	ScoreCentena                     88E6         VARIABLE
	ScoreDezena                      88E7         VARIABLE
	ScoreUnidade                     88E8         VARIABLE
	totalBlocks                      88E9         VARIABLE
	INT0                             FE00         VARIABLE
	INT1                             FE01         VARIABLE
	INT2                             FE02         VARIABLE
	INT15                            FE0F         VARIABLE
	Rotina                           0002            LABEL
	Timer                            0009            LABEL
	DeactiveTimer                    0016            LABEL
	EndTimer                         001A            LABEL
	MovDir                           001C            LABEL
	terminadir                       0033            LABEL
	MovEsq                           0037            LABEL
	terminaesq                       0050            LABEL
	MovBall                          0054            LABEL
	comparaDir                       0070            LABEL
	comparaEsq                       007A            LABEL
	comparaTeto                      0084            LABEL
	comparaChao                      008E            LABEL
	comparaNave                      0098            LABEL
	comparaBloco                     00AE            LABEL
	fimBola                          00B0            LABEL
	ColisaoBloco                     00B7            LABEL
	comparaBlocoEmY                  00C0            LABEL
	comparaBlocoEmYesq               00C7            LABEL
	comparaBlocoEmYmid               00D2            LABEL
	comparaBlocoEmYdir               00DC            LABEL
	comparaBlocoEmX                  00E6            LABEL
	comparaBlocoemXdir               00F3            LABEL
	comparaBlocoemXesq               00FF            LABEL
	comparaBlocoDiagonal             010A            LABEL
	comparaBlocoDiagonalEsq          0118            LABEL
	comparaBlocoDiagonalDir          0124            LABEL
	EndBloco                         012F            LABEL
	ApagaBloco                       0137            LABEL
	ApagaBlocoEsq                    014B            LABEL
	ApagaBlocoMid                    0160            LABEL
	ApagaBlocoDir                    0164            LABEL
	ConfereWin                       016A            LABEL
	FimApagaBloco                    0172            LABEL
	Win                              0177            LABEL
	AtualizaScore                    0197            LABEL
	InverteY                         01D6            LABEL
	InverteX                         01D9            LABEL
	ReiniciaJogo                     01DC            LABEL
	gameover                         0211            LABEL
	continue                         0222            LABEL
	printchar                        0228            LABEL
	printf                           0235            LABEL
	Ciclo                            023D            LABEL
	endprintf                        0250            LABEL
	printmapa                        0257            LABEL
	Ciclo1                           0261            LABEL
	Endciclo1                        026F            LABEL
	Reset                            0274            LABEL
	FimReset                         02E8            LABEL
	ResetBlocos                      02EC            LABEL
	LoopBlocos                       02F2            LABEL
	EndResetBlocos                   0306            LABEL
	ConfigurarTimer                  030B            LABEL
	Main                             0316            LABEL
	Cycle                            0328            LABEL
	Halt                             0329            LABEL
